WARNING: Using incubator modules: jdk.incubator.vector
Using Spark's default log4j profile: org/apache/spark/log4j2-defaults.properties
26/09/19 08:58:20 WARN Utils: Your hostname, Sunnys-Mac-Studio.local, resolves to a loopback address: 127.0.0.1; using 10.0.0.19 instead (on interface en1)
26/09/19 08:58:20 WARN Utils: Set SPARK_LOCAL_IP if you need to bind to another address
Using Spark's default log4j profile: org/apache/spark/log4j2-defaults.properties
Setting default log level to "WARN".
To adjust logging level use sc.setLogLevel(newLevel). For SparkR, use setLogLevel(newLevel).
26/09/19 08:58:20 WARN NativeCodeLoader: Unable to load native-hadoop library for your platform... using builtin-java classes where applicable
26/09/19 08:58:21 WARN FileStreamSink: Assume no metadata directory. Error while looking for metadata directory in the path: /Users/sunnydave/.cache/huggingface/lerobot/lerobot/aloha_mobile_cabinet/data/*/*.parquet.
java.io.FileNotFoundException: File /Users/sunnydave/.cache/huggingface/lerobot/lerobot/aloha_mobile_cabinet/data/*/*.parquet does not exist
	at org.apache.hadoop.fs.RawLocalFileSystem.deprecatedGetFileStatus(RawLocalFileSystem.java:980)
	at org.apache.hadoop.fs.RawLocalFileSystem.getFileLinkStatusInternal(RawLocalFileSystem.java:1301)
	at org.apache.hadoop.fs.RawLocalFileSystem.getFileStatus(RawLocalFileSystem.java:970)
	at org.apache.hadoop.fs.FilterFileSystem.getFileStatus(FilterFileSystem.java:462)
	at org.apache.spark.sql.execution.streaming.sinks.FileStreamSink$.hasMetadata(FileStreamSink.scala:58)
	at org.apache.spark.sql.execution.datasources.DataSource.resolveRelation(DataSource.scala:394)
	at org.apache.spark.sql.catalyst.analysis.ResolveDataSource.org$apache$spark$sql$catalyst$analysis$ResolveDataSource$$loadV1BatchSource(ResolveDataSource.scala:210)
	at org.apache.spark.sql.catalyst.analysis.ResolveDataSource$$anonfun$apply$1.$anonfun$applyOrElse$2(ResolveDataSource.scala:62)
	at scala.Option.getOrElse(Option.scala:201)
	at org.apache.spark.sql.catalyst.analysis.ResolveDataSource$$anonfun$apply$1.applyOrElse(ResolveDataSource.scala:62)
	at org.apache.spark.sql.catalyst.analysis.ResolveDataSource$$anonfun$apply$1.applyOrElse(ResolveDataSource.scala:46)
	at org.apache.spark.sql.catalyst.plans.logical.AnalysisHelper.$anonfun$resolveOperatorsUpWithPruning$3(AnalysisHelper.scala:139)
	at org.apache.spark.sql.catalyst.trees.CurrentOrigin$.withOrigin(origin.scala:107)
	at org.apache.spark.sql.catalyst.plans.logical.AnalysisHelper.$anonfun$resolveOperatorsUpWithPruning$1(AnalysisHelper.scala:139)
	at org.apache.spark.sql.catalyst.plans.logical.AnalysisHelper$.allowInvokingTransformsInAnalyzer(AnalysisHelper.scala:416)
	at org.apache.spark.sql.catalyst.plans.logical.AnalysisHelper.resolveOperatorsUpWithPruning(AnalysisHelper.scala:135)
	at org.apache.spark.sql.catalyst.plans.logical.AnalysisHelper.resolveOperatorsUpWithPruning$(AnalysisHelper.scala:131)
	at org.apache.spark.sql.catalyst.plans.logical.LogicalPlan.resolveOperatorsUpWithPruning(LogicalPlan.scala:37)
	at org.apache.spark.sql.catalyst.plans.logical.AnalysisHelper.resolveOperatorsUp(AnalysisHelper.scala:112)
	at org.apache.spark.sql.catalyst.plans.logical.AnalysisHelper.resolveOperatorsUp$(AnalysisHelper.scala:111)
	at org.apache.spark.sql.catalyst.plans.logical.LogicalPlan.resolveOperatorsUp(LogicalPlan.scala:37)
	at org.apache.spark.sql.catalyst.analysis.ResolveDataSource.apply(ResolveDataSource.scala:46)
	at org.apache.spark.sql.catalyst.analysis.ResolveDataSource.apply(ResolveDataSource.scala:44)
	at org.apache.spark.sql.catalyst.rules.RuleExecutor.$anonfun$execute$2(RuleExecutor.scala:248)
	at scala.collection.LinearSeqOps.foldLeft(LinearSeq.scala:183)
	at scala.collection.LinearSeqOps.foldLeft$(LinearSeq.scala:179)
	at scala.collection.immutable.List.foldLeft(List.scala:79)
	at org.apache.spark.sql.catalyst.rules.RuleExecutor.$anonfun$execute$1(RuleExecutor.scala:245)
	at org.apache.spark.sql.catalyst.rules.RuleExecutor.$anonfun$execute$1$adapted(RuleExecutor.scala:237)
	at scala.collection.immutable.List.foreach(List.scala:323)
	at org.apache.spark.sql.catalyst.rules.RuleExecutor.execute(RuleExecutor.scala:237)
	at org.apache.spark.sql.catalyst.analysis.Analyzer.super$execute(Analyzer.scala:438)
	at org.apache.spark.sql.catalyst.analysis.Analyzer.$anonfun$executeSameContext$1(Analyzer.scala:438)
	at org.apache.spark.sql.internal.SQLConf$.withExistingConf(SQLConf.scala:171)
	at org.apache.spark.sql.catalyst.analysis.Analyzer.runWithSessionConf(Analyzer.scala:400)
	at org.apache.spark.sql.catalyst.analysis.Analyzer.org$apache$spark$sql$catalyst$analysis$Analyzer$$executeSameContext(Analyzer.scala:438)
	at org.apache.spark.sql.catalyst.analysis.Analyzer.$anonfun$execute$1(Analyzer.scala:433)
	at org.apache.spark.sql.catalyst.analysis.AnalysisContext$.withNewAnalysisContext(Analyzer.scala:276)
	at org.apache.spark.sql.catalyst.analysis.Analyzer.execute(Analyzer.scala:433)
	at org.apache.spark.sql.catalyst.analysis.Analyzer.execute(Analyzer.scala:336)
	at org.apache.spark.sql.catalyst.rules.RuleExecutor.$anonfun$executeAndTrack$1(RuleExecutor.scala:207)
	at org.apache.spark.sql.catalyst.QueryPlanningTracker$.withTracker(QueryPlanningTracker.scala:89)
	at org.apache.spark.sql.catalyst.rules.RuleExecutor.executeAndTrack(RuleExecutor.scala:207)
	at org.apache.spark.sql.catalyst.analysis.resolver.HybridAnalyzer.resolveInFixedPoint(HybridAnalyzer.scala:273)
	at org.apache.spark.sql.catalyst.analysis.resolver.HybridAnalyzer.$anonfun$apply$1(HybridAnalyzer.scala:82)
	at org.apache.spark.sql.catalyst.analysis.resolver.HybridAnalyzer.withTrackedAnalyzerBridgeState(HybridAnalyzer.scala:117)
	at org.apache.spark.sql.catalyst.analysis.resolver.HybridAnalyzer.apply(HybridAnalyzer.scala:75)
	at org.apache.spark.sql.catalyst.analysis.Analyzer.runAnalysis$1(Analyzer.scala:368)
	at org.apache.spark.sql.catalyst.analysis.Analyzer.$anonfun$executeAndCheck$2(Analyzer.scala:373)
	at org.apache.spark.sql.internal.SQLConf$.withExistingConf(SQLConf.scala:171)
	at org.apache.spark.sql.catalyst.analysis.Analyzer.runWithSessionConf(Analyzer.scala:400)
	at org.apache.spark.sql.catalyst.analysis.Analyzer.$anonfun$executeAndCheck$1(Analyzer.scala:373)
	at org.apache.spark.sql.catalyst.plans.logical.AnalysisHelper$.markInAnalyzer(AnalysisHelper.scala:423)
	at org.apache.spark.sql.catalyst.analysis.Analyzer.executeAndCheck(Analyzer.scala:373)
	at org.apache.spark.sql.execution.QueryExecution.$anonfun$lazyAnalyzed$2(QueryExecution.scala:200)
	at org.apache.spark.sql.catalyst.QueryPlanningTracker.measurePhase(QueryPlanningTracker.scala:148)
	at org.apache.spark.sql.execution.QueryExecution.$anonfun$executePhase$3(QueryExecution.scala:410)
	at org.apache.spark.sql.execution.QueryExecution.withQueryExecutionId(QueryExecution.scala:429)
	at org.apache.spark.sql.execution.QueryExecution.$anonfun$executePhase$2(QueryExecution.scala:410)
	at org.apache.spark.sql.execution.QueryExecution$.withInternalError(QueryExecution.scala:872)
	at org.apache.spark.sql.execution.QueryExecution.$anonfun$executePhase$1(QueryExecution.scala:409)
	at org.apache.spark.sql.SparkSession.withActive(SparkSession.scala:810)
	at org.apache.spark.sql.execution.QueryExecution.executePhase(QueryExecution.scala:408)
	at org.apache.spark.sql.execution.QueryExecution.$anonfun$lazyAnalyzed$1(QueryExecution.scala:200)
	at scala.util.Try$.apply(Try.scala:217)
	at org.apache.spark.util.Utils$.doTryWithCallerStacktrace(Utils.scala:1407)
	at org.apache.spark.util.LazyTry.tryT$lzycompute(LazyTry.scala:46)
	at org.apache.spark.util.LazyTry.tryT(LazyTry.scala:46)
	at org.apache.spark.util.LazyTry.get(LazyTry.scala:61)
	at org.apache.spark.sql.execution.QueryExecution.$anonfun$analyzed$1(QueryExecution.scala:212)
	at org.apache.spark.sql.execution.QueryExecution.withAbortTransactionOnFailure(QueryExecution.scala:632)
	at org.apache.spark.sql.execution.QueryExecution.analyzed(QueryExecution.scala:212)
	at org.apache.spark.sql.execution.QueryExecution.assertAnalyzed(QueryExecution.scala:151)
	at org.apache.spark.sql.classic.Dataset$.$anonfun$ofRows$1(Dataset.scala:114)
	at org.apache.spark.sql.SparkSession.withActive(SparkSession.scala:810)
	at org.apache.spark.sql.classic.Dataset$.ofRows(Dataset.scala:112)
	at org.apache.spark.sql.classic.DataFrameReader.load(DataFrameReader.scala:109)
	at org.apache.spark.sql.classic.DataFrameReader.load(DataFrameReader.scala:58)
	at org.apache.spark.sql.DataFrameReader.parquet(DataFrameReader.scala:457)
	at org.apache.spark.sql.classic.DataFrameReader.parquet(DataFrameReader.scala:306)
	at org.apache.spark.sql.classic.DataFrameReader.parquet(DataFrameReader.scala:58)
	at java.base/jdk.internal.reflect.NativeMethodAccessorImpl.invoke0(Native Method)
	at java.base/jdk.internal.reflect.NativeMethodAccessorImpl.invoke(NativeMethodAccessorImpl.java:77)
	at java.base/jdk.internal.reflect.DelegatingMethodAccessorImpl.invoke(DelegatingMethodAccessorImpl.java:43)
	at java.base/java.lang.reflect.Method.invoke(Method.java:569)
	at py4j.reflection.MethodInvoker.invoke(MethodInvoker.java:244)
	at py4j.reflection.ReflectionEngine.invoke(ReflectionEngine.java:374)
	at py4j.Gateway.invoke(Gateway.java:282)
	at py4j.commands.AbstractCommand.invokeMethod(AbstractCommand.java:132)
	at py4j.commands.CallCommand.execute(CallCommand.java:79)
	at py4j.ClientServerConnection.waitForCommands(ClientServerConnection.java:184)
	at py4j.ClientServerConnection.run(ClientServerConnection.java:108)
	at java.base/java.lang.Thread.run(Thread.java:840)
{"ts": "2026-09-19 08:58:22.349", "level": "ERROR", "logger": "DataFrameQueryContextLogger", "msg": "[UNRESOLVED_COLUMN.WITH_SUGGESTION] A column, variable, or function parameter with name `observation`.`state` cannot be resolved. Did you mean one of the following? [`observation.state`, `observation.effort`, `action`, `timestamp`, `next.done`]. SQLSTATE: 42703", "context": {"file": "java.base/jdk.internal.reflect.NativeMethodAccessorImpl.invoke0(Native Method)", "line": "", "fragment": "col", "errorClass": "UNRESOLVED_COLUMN.WITH_SUGGESTION"}, "exception": {"class": "Py4JJavaError", "msg": "An error occurred while calling o32.select.\n: org.apache.spark.sql.AnalysisException: [UNRESOLVED_COLUMN.WITH_SUGGESTION] A column, variable, or function parameter with name `observation`.`state` cannot be resolved. Did you mean one of the following? [`observation.state`, `observation.effort`, `action`, `timestamp`, `next.done`]. SQLSTATE: 42703;\n'Project ['observation.state]\n+- Relation [observation.state#0,observation.effort#1,action#2,episode_index#3L,frame_index#4L,timestamp#5,next.done#6,index#7L,task_index#8L] parquet\n\n\tat org.apache.spark.sql.errors.QueryCompilationErrors$.unresolvedAttributeError(QueryCompilationErrors.scala:432)\n\tat org.apache.spark.sql.catalyst.analysis.CheckAnalysis.org$apache$spark$sql$catalyst$analysis$CheckAnalysis$$failUnresolvedAttribute(CheckAnalysis.scala:244)\n\tat org.apache.spark.sql.catalyst.analysis.CheckAnalysis.$anonfun$checkAnalysis0$8(CheckAnalysis.scala:536)\n\tat org.apache.spark.sql.catalyst.analysis.CheckAnalysis.$anonfun$checkAnalysis0$8$adapted(CheckAnalysis.scala:534)\n\tat org.apache.spark.sql.catalyst.trees.TreeNode.foreachUp(TreeNode.scala:277)\n\tat org.apache.spark.sql.catalyst.analysis.CheckAnalysis.$anonfun$checkAnalysis0$7(CheckAnalysis.scala:534)\n\tat org.apache.spark.sql.catalyst.analysis.CheckAnalysis.$anonfun$checkAnalysis0$7$adapted(CheckAnalysis.scala:534)\n\tat scala.collection.immutable.List.foreach(List.scala:323)\n\tat org.apache.spark.sql.catalyst.analysis.CheckAnalysis.$anonfun$checkAnalysis0$2(CheckAnalysis.scala:534)\n\tat org.apache.spark.sql.catalyst.analysis.CheckAnalysis.$anonfun$checkAnalysis0$2$adapted(CheckAnalysis.scala:363)\n\tat org.apache.spark.sql.catalyst.trees.TreeNode.foreachUp(TreeNode.scala:277)\n\tat org.apache.spark.sql.catalyst.analysis.CheckAnalysis.checkAnalysis0(CheckAnalysis.scala:363)\n\tat org.apache.spark.sql.catalyst.analysis.CheckAnalysis.checkAnalysis0$(CheckAnalysis.scala:330)\n\tat org.apache.spark.sql.catalyst.analysis.Analyzer.checkAnalysis0(Analyzer.scala:336)\n\tat org.apache.spark.sql.catalyst.analysis.CheckAnalysis.checkAnalysis(CheckAnalysis.scala:319)\n\tat org.apache.spark.sql.catalyst.analysis.CheckAnalysis.checkAnalysis$(CheckAnalysis.scala:306)\n\tat org.apache.spark.sql.catalyst.analysis.Analyzer.checkAnalysis(Analyzer.scala:336)\n\tat org.apache.spark.sql.catalyst.analysis.resolver.HybridAnalyzer.$anonfun$resolveInFixedPoint$1(HybridAnalyzer.scala:275)\n\tat scala.runtime.java8.JFunction0$mcV$sp.apply(JFunction0$mcV$sp.scala:18)\n\tat org.apache.spark.sql.catalyst.QueryPlanningTracker$.withTracker(QueryPlanningTracker.scala:89)\n\tat org.apache.spark.sql.catalyst.analysis.resolver.HybridAnalyzer.resolveInFixedPoint(HybridAnalyzer.scala:275)\n\tat org.apache.spark.sql.catalyst.analysis.resolver.HybridAnalyzer.$anonfun$apply$1(HybridAnalyzer.scala:82)\n\tat org.apache.spark.sql.catalyst.analysis.resolver.HybridAnalyzer.withTrackedAnalyzerBridgeState(HybridAnalyzer.scala:117)\n\tat org.apache.spark.sql.catalyst.analysis.resolver.HybridAnalyzer.apply(HybridAnalyzer.scala:75)\n\tat org.apache.spark.sql.catalyst.analysis.Analyzer.runAnalysis$1(Analyzer.scala:368)\n\tat org.apache.spark.sql.catalyst.analysis.Analyzer.$anonfun$executeAndCheck$2(Analyzer.scala:373)\n\tat org.apache.spark.sql.internal.SQLConf$.withExistingConf(SQLConf.scala:171)\n\tat org.apache.spark.sql.catalyst.analysis.Analyzer.runWithSessionConf(Analyzer.scala:400)\n\tat org.apache.spark.sql.catalyst.analysis.Analyzer.$anonfun$executeAndCheck$1(Analyzer.scala:373)\n\tat org.apache.spark.sql.catalyst.plans.logical.AnalysisHelper$.markInAnalyzer(AnalysisHelper.scala:423)\n\tat org.apache.spark.sql.catalyst.analysis.Analyzer.executeAndCheck(Analyzer.scala:373)\n\tat org.apache.spark.sql.execution.QueryExecution.$anonfun$lazyAnalyzed$2(QueryExecution.scala:200)\n\tat org.apache.spark.sql.catalyst.QueryPlanningTracker.measurePhase(QueryPlanningTracker.scala:148)\n\tat org.apache.spark.sql.execution.QueryExecution.$anonfun$executePhase$3(QueryExecution.scala:410)\n\tat org.apache.spark.sql.execution.QueryExecution.withQueryExecutionId(QueryExecution.scala:429)\n\tat org.apache.spark.sql.execution.QueryExecution.$anonfun$executePhase$2(QueryExecution.scala:410)\n\tat org.apache.spark.sql.execution.QueryExecution$.withInternalError(QueryExecution.scala:872)\n\tat org.apache.spark.sql.execution.QueryExecution.$anonfun$executePhase$1(QueryExecution.scala:409)\n\tat org.apache.spark.sql.SparkSession.withActive(SparkSession.scala:810)\n\tat org.apache.spark.sql.execution.QueryExecution.executePhase(QueryExecution.scala:408)\n\tat org.apache.spark.sql.execution.QueryExecution.$anonfun$lazyAnalyzed$1(QueryExecution.scala:200)\n\tat scala.util.Try$.apply(Try.scala:217)\n\tat org.apache.spark.util.Utils$.doTryWithCallerStacktrace(Utils.scala:1407)\n\tat org.apache.spark.util.Utils$.getTryWithCallerStacktrace(Utils.scala:1457)\n\tat org.apache.spark.util.LazyTry.get(LazyTry.scala:61)\n\tat org.apache.spark.sql.execution.QueryExecution.$anonfun$analyzed$1(QueryExecution.scala:212)\n\tat org.apache.spark.sql.execution.QueryExecution.withAbortTransactionOnFailure(QueryExecution.scala:632)\n\tat org.apache.spark.sql.execution.QueryExecution.analyzed(QueryExecution.scala:212)\n\tat org.apache.spark.sql.execution.QueryExecution.assertAnalyzed(QueryExecution.scala:151)\n\tat org.apache.spark.sql.classic.Dataset$.$anonfun$ofRows$1(Dataset.scala:114)\n\tat org.apache.spark.sql.SparkSession.withActive(SparkSession.scala:810)\n\tat org.apache.spark.sql.classic.Dataset$.ofRows(Dataset.scala:112)\n\tat org.apache.spark.sql.classic.Dataset.withPlan(Dataset.scala:2367)\n\tat org.apache.spark.sql.classic.Dataset.select(Dataset.scala:974)\n\tat java.base/jdk.internal.reflect.NativeMethodAccessorImpl.invoke0(Native Method)\n\tat java.base/jdk.internal.reflect.NativeMethodAccessorImpl.invoke(NativeMethodAccessorImpl.java:77)\n\tat java.base/jdk.internal.reflect.DelegatingMethodAccessorImpl.invoke(DelegatingMethodAccessorImpl.java:43)\n\tat java.base/java.lang.reflect.Method.invoke(Method.java:569)\n\tat py4j.reflection.MethodInvoker.invoke(MethodInvoker.java:244)\n\tat py4j.reflection.ReflectionEngine.invoke(ReflectionEngine.java:374)\n\tat py4j.Gateway.invoke(Gateway.java:282)\n\tat py4j.commands.AbstractCommand.invokeMethod(AbstractCommand.java:132)\n\tat py4j.commands.CallCommand.execute(CallCommand.java:79)\n\tat py4j.ClientServerConnection.waitForCommands(ClientServerConnection.java:184)\n\tat py4j.ClientServerConnection.run(ClientServerConnection.java:108)\n\tat java.base/java.lang.Thread.run(Thread.java:840)\n", "stacktrace": [{"class": null, "method": "deco", "file": "/Users/sunnydave/envs/robotics-policy-lab/lib/python3.12/site-packages/pyspark/errors/exceptions/captured.py", "line": "251"}, {"class": null, "method": "get_return_value", "file": "/Users/sunnydave/envs/robotics-policy-lab/lib/python3.12/site-packages/py4j/protocol.py", "line": "327"}]}}
root
 |-- observation.state: array (nullable = true)
 |    |-- element: float (containsNull = true)
 |-- observation.effort: array (nullable = true)
 |    |-- element: float (containsNull = true)
 |-- action: array (nullable = true)
 |    |-- element: float (containsNull = true)
 |-- episode_index: long (nullable = true)
 |-- frame_index: long (nullable = true)
 |-- timestamp: float (nullable = true)
 |-- next.done: boolean (nullable = true)
 |-- index: long (nullable = true)
 |-- task_index: long (nullable = true)

EXPECTED FAILURE: AnalysisException()
