WARNING: Using incubator modules: jdk.incubator.vector
Using Spark's default log4j profile: org/apache/spark/log4j2-defaults.properties
26/09/19 08:58:23 WARN Utils: Your hostname, Sunnys-Mac-Studio.local, resolves to a loopback address: 127.0.0.1; using 10.0.0.19 instead (on interface en1)
26/09/19 08:58:23 WARN Utils: Set SPARK_LOCAL_IP if you need to bind to another address
Using Spark's default log4j profile: org/apache/spark/log4j2-defaults.properties
Setting default log level to "WARN".
To adjust logging level use sc.setLogLevel(newLevel). For SparkR, use setLogLevel(newLevel).
26/09/19 08:58:23 WARN NativeCodeLoader: Unable to load native-hadoop library for your platform... using builtin-java classes where applicable
+-------------+----------+----------+----------+
|episode_index|num_frames|duration_s|task_index|
+-------------+----------+----------+----------+
|            0|      1500|     29.98|         0|
|            1|      1500|     29.98|         0|
|            2|      1500|     29.98|         0|
|            3|      1500|     29.98|         0|
|            4|      1500|     29.98|         0|
+-------------+----------+----------+----------+
only showing top 5 rows
root
 |-- episode_index: long (nullable = true)
 |-- data/chunk_index: long (nullable = true)
 |-- data/file_index: long (nullable = true)
 |-- dataset_from_index: long (nullable = true)
 |-- dataset_to_index: long (nullable = true)
 |-- videos/observation.images.cam_high/chunk_index: long (nullable = true)
 |-- videos/observation.images.cam_high/file_index: long (nullable = true)
 |-- videos/observation.images.cam_high/from_timestamp: double (nullable = true)
 |-- videos/observation.images.cam_high/to_timestamp: double (nullable = true)
 |-- videos/observation.images.cam_left_wrist/chunk_index: long (nullable = true)
 |-- videos/observation.images.cam_left_wrist/file_index: long (nullable = true)
 |-- videos/observation.images.cam_left_wrist/from_timestamp: double (nullable = true)
 |-- videos/observation.images.cam_left_wrist/to_timestamp: double (nullable = true)
 |-- videos/observation.images.cam_right_wrist/chunk_index: long (nullable = true)
 |-- videos/observation.images.cam_right_wrist/file_index: long (nullable = true)
 |-- videos/observation.images.cam_right_wrist/from_timestamp: double (nullable = true)
 |-- videos/observation.images.cam_right_wrist/to_timestamp: double (nullable = true)
 |-- tasks: array (nullable = true)
 |    |-- element: string (containsNull = true)
 |-- length: long (nullable = true)
 |-- stats/observation.images.cam_high/min: array (nullable = true)
 |    |-- element: array (containsNull = true)
 |    |    |-- element: array (containsNull = true)
 |    |    |    |-- element: double (containsNull = true)
 |-- stats/observation.images.cam_high/max: array (nullable = true)
 |    |-- element: array (containsNull = true)
 |    |    |-- element: array (containsNull = true)
 |    |    |    |-- element: double (containsNull = true)
 |-- stats/observation.images.cam_high/mean: array (nullable = true)
 |    |-- element: array (containsNull = true)
 |    |    |-- element: array (containsNull = true)
 |    |    |    |-- element: double (containsNull = true)
 |-- stats/observation.images.cam_high/std: array (nullable = true)
 |    |-- element: array (containsNull = true)
 |    |    |-- element: array (containsNull = true)
 |    |    |    |-- element: double (containsNull = true)
 |-- stats/observation.images.cam_high/count: array (nullable = true)
 |    |-- element: long (containsNull = true)
 |-- stats/observation.images.cam_left_wrist/min: array (nullable = true)
 |    |-- element: array (containsNull = true)
 |    |    |-- element: array (containsNull = true)
 |    |    |    |-- element: double (containsNull = true)
 |-- stats/observation.images.cam_left_wrist/max: array (nullable = true)
 |    |-- element: array (containsNull = true)
 |    |    |-- element: array (containsNull = true)
 |    |    |    |-- element: double (containsNull = true)
 |-- stats/observation.images.cam_left_wrist/mean: array (nullable = true)
 |    |-- element: array (containsNull = true)
 |    |    |-- element: array (containsNull = true)
 |    |    |    |-- element: double (containsNull = true)
 |-- stats/observation.images.cam_left_wrist/std: array (nullable = true)
 |    |-- element: array (containsNull = true)
 |    |    |-- element: array (containsNull = true)
 |    |    |    |-- element: double (containsNull = true)
 |-- stats/observation.images.cam_left_wrist/count: array (nullable = true)
 |    |-- element: long (containsNull = true)
 |-- stats/observation.images.cam_right_wrist/min: array (nullable = true)
 |    |-- element: array (containsNull = true)
 |    |    |-- element: array (containsNull = true)
 |    |    |    |-- element: double (containsNull = true)
 |-- stats/observation.images.cam_right_wrist/max: array (nullable = true)
 |    |-- element: array (containsNull = true)
 |    |    |-- element: array (containsNull = true)
 |    |    |    |-- element: double (containsNull = true)
 |-- stats/observation.images.cam_right_wrist/mean: array (nullable = true)
 |    |-- element: array (containsNull = true)
 |    |    |-- element: array (containsNull = true)
 |    |    |    |-- element: double (containsNull = true)
 |-- stats/observation.images.cam_right_wrist/std: array (nullable = true)
 |    |-- element: array (containsNull = true)
 |    |    |-- element: array (containsNull = true)
 |    |    |    |-- element: double (containsNull = true)
 |-- stats/observation.images.cam_right_wrist/count: array (nullable = true)
 |    |-- element: long (containsNull = true)
 |-- stats/observation.state/min: array (nullable = true)
 |    |-- element: double (containsNull = true)
 |-- stats/observation.state/max: array (nullable = true)
 |    |-- element: double (containsNull = true)
 |-- stats/observation.state/mean: array (nullable = true)
 |    |-- element: double (containsNull = true)
 |-- stats/observation.state/std: array (nullable = true)
 |    |-- element: double (containsNull = true)
 |-- stats/observation.state/count: array (nullable = true)
 |    |-- element: long (containsNull = true)
 |-- stats/observation.effort/min: array (nullable = true)
 |    |-- element: double (containsNull = true)
 |-- stats/observation.effort/max: array (nullable = true)
 |    |-- element: double (containsNull = true)
 |-- stats/observation.effort/mean: array (nullable = true)
 |    |-- element: double (containsNull = true)
 |-- stats/observation.effort/std: array (nullable = true)
 |    |-- element: double (containsNull = true)
 |-- stats/observation.effort/count: array (nullable = true)
 |    |-- element: long (containsNull = true)
 |-- stats/action/min: array (nullable = true)
 |    |-- element: double (containsNull = true)
 |-- stats/action/max: array (nullable = true)
 |    |-- element: double (containsNull = true)
 |-- stats/action/mean: array (nullable = true)
 |    |-- element: double (containsNull = true)
 |-- stats/action/std: array (nullable = true)
 |    |-- element: double (containsNull = true)
 |-- stats/action/count: array (nullable = true)
 |    |-- element: long (containsNull = true)
 |-- stats/episode_index/min: array (nullable = true)
 |    |-- element: long (containsNull = true)
 |-- stats/episode_index/max: array (nullable = true)
 |    |-- element: long (containsNull = true)
 |-- stats/episode_index/mean: array (nullable = true)
 |    |-- element: double (containsNull = true)
 |-- stats/episode_index/std: array (nullable = true)
 |    |-- element: double (containsNull = true)
 |-- stats/episode_index/count: array (nullable = true)
 |    |-- element: long (containsNull = true)
 |-- stats/frame_index/min: array (nullable = true)
 |    |-- element: long (containsNull = true)
 |-- stats/frame_index/max: array (nullable = true)
 |    |-- element: long (containsNull = true)
 |-- stats/frame_index/mean: array (nullable = true)
 |    |-- element: double (containsNull = true)
 |-- stats/frame_index/std: array (nullable = true)
 |    |-- element: double (containsNull = true)
 |-- stats/frame_index/count: array (nullable = true)
 |    |-- element: long (containsNull = true)
 |-- stats/timestamp/min: array (nullable = true)
 |    |-- element: double (containsNull = true)
 |-- stats/timestamp/max: array (nullable = true)
 |    |-- element: double (containsNull = true)
 |-- stats/timestamp/mean: array (nullable = true)
 |    |-- element: double (containsNull = true)
 |-- stats/timestamp/std: array (nullable = true)
 |    |-- element: double (containsNull = true)
 |-- stats/timestamp/count: array (nullable = true)
 |    |-- element: long (containsNull = true)
 |-- stats/next.done/min: array (nullable = true)
 |    |-- element: boolean (containsNull = true)
 |-- stats/next.done/max: array (nullable = true)
 |    |-- element: boolean (containsNull = true)
 |-- stats/next.done/mean: array (nullable = true)
 |    |-- element: double (containsNull = true)
 |-- stats/next.done/std: array (nullable = true)
 |    |-- element: double (containsNull = true)
 |-- stats/next.done/count: array (nullable = true)
 |    |-- element: long (containsNull = true)
 |-- stats/index/min: array (nullable = true)
 |    |-- element: long (containsNull = true)
 |-- stats/index/max: array (nullable = true)
 |    |-- element: long (containsNull = true)
 |-- stats/index/mean: array (nullable = true)
 |    |-- element: double (containsNull = true)
 |-- stats/index/std: array (nullable = true)
 |    |-- element: double (containsNull = true)
 |-- stats/index/count: array (nullable = true)
 |    |-- element: long (containsNull = true)
 |-- stats/task_index/min: array (nullable = true)
 |    |-- element: long (containsNull = true)
 |-- stats/task_index/max: array (nullable = true)
 |    |-- element: long (containsNull = true)
 |-- stats/task_index/mean: array (nullable = true)
 |    |-- element: double (containsNull = true)
 |-- stats/task_index/std: array (nullable = true)
 |    |-- element: double (containsNull = true)
 |-- stats/task_index/count: array (nullable = true)
 |    |-- element: long (containsNull = true)
 |-- meta/episodes/chunk_index: long (nullable = true)
 |-- meta/episodes/file_index: long (nullable = true)

episodes: 85  reconcile mismatches: 0
